start 0100-ffff base ok, V=22246
..01ff V=22246
..02ff V=22246
..03ff V=22246
..04ff V=22245
..05ff V=22245
..06ff V=22246
..07ff V=22247
..08ff V=22247
..09ff V=22246
..0aff V=22246
..0bff V=22246
..0cff V=22247
..0dff V=22246
..0eff V=22246
..0fff V=22246
..10ff V=22246
..11ff V=22246
..12ff V=22246
..13ff V=22247
..14ff V=22246
..15ff V=22246
..16ff V=22247
..17ff V=22245
..18ff V=22245
..19ff V=22246
..1aff V=22246
..1bff V=22245
..1cff V=22245
..1dff V=22245
..1eff V=22246
..1fff V=22245
..20ff V=22245
..21ff V=22245
..22ff V=22246
..23ff V=22246
..24ff V=22246
..25ff V=22247
..26ff V=22246
..27ff V=22246
..28ff V=22246
..29ff V=22246
..2aff V=22246
..2bff V=22246
..2cff V=22246
..2dff V=22246
..2eff V=22246
..2fff V=22245
..30ff V=22246
..31ff V=22246
..32ff V=22246
..33ff V=22246
..34ff V=22247
..35ff V=22246
..36ff V=22247
..37ff V=22246
..38ff V=22247
..39ff V=22246
..3aff V=22246
..3bff V=22246
..3cff V=22246
..3dff V=22247
..3eff V=22247
..3fff V=22247
..40ff V=22247
..41ff V=22247
..42ff V=22247
..43ff V=22247
..44ff V=22247
..45ff V=22247
..46ff V=22246
..47ff V=22246
..48ff V=22246
..49ff V=22246
..4aff V=22246
..4bff V=22245
..4cff V=22245
..4dff V=22246
..4eff V=22247
..4fff V=22247
..50ff V=22246
..51ff V=22247
..52ff V=22247
..53ff V=22247
..54ff V=22246
..55ff V=22247
..56ff V=22246
..57ff V=22247
..58ff V=22247
..59ff V=22247
..5aff V=22246
..5bff V=22246
..5cff V=22247
..5dff V=22247
..5eff V=22247
..5fff V=22247
..60ff V=22246
..61ff V=22247
..62ff V=22247
..63ff V=22247
..64ff V=22246
..65ff V=22246
..66ff V=22246
..67ff V=22246
..68ff V=22247
..69ff V=22247
..6aff V=22247
..6bff V=22247
..6cff V=22247
..6dff V=22247
..6eff V=22247
..6fff V=22247
..70ff V=22247
..71ff V=22247
..72ff V=22246
..73ff V=22245
..74ff V=22245
..75ff V=22246
..76ff V=22245
..77ff V=22246
..78ff V=22246
..79ff V=22246
..7aff V=22246
..7bff V=22247
..7cff V=22246
..7dff V=22246
..7eff V=22246
..7fff V=22246
..80ff V=22247
..81ff V=22246
..82ff V=22247
..83ff V=22246
..84ff V=22247
..85ff V=22245
..86ff V=22246
..87ff V=22246
..88ff V=22246
..89ff V=22247
..8aff V=22247
..8bff V=22246
..8cff V=22247
..8dff V=22246
..8eff V=22247
..8fff V=22247
..90ff V=22247
..91ff V=22246
..92ff V=22247
..93ff V=22247
..94ff V=22247
..95ff V=22247
..96ff V=22246
..97ff V=22246
..98ff V=22247
..99ff V=22249
..9aff V=22247
..9bff V=22247
..9cff V=22247
..9dff V=22249
..9eff V=22246
..9fff V=22247
..a0ff V=22245
..a1ff V=22245
..a2ff V=22246
..a3ff V=22246
..a4ff V=22246
..a5ff V=22246
..a6ff V=22245
..a7ff V=22246
..a8ff V=22246
..a9ff V=22247
..aaff V=22246
..abff V=22246
..acff V=22247
..adff V=22246
..aeff V=22247
..afff V=22246
..b0ff V=22246
..b1ff V=22246
..b2ff V=22246
b341 CHANGE wa2:0x3>0x23
..b3ff V=22246
..b4ff V=22246
..b5ff V=22247
..b6ff V=22247
..b7ff V=22247
..b8ff V=22246
..b9ff V=22246
..baff V=22247
..bbff V=22247
..bcff V=22246
..bdff V=22247
..beff V=22245
..bfff V=22247
..c0ff V=22246
..c1ff V=22247
..c2ff V=22246
c3be CHANGE (transient: w00:0xa000>0x8000)
..c3ff V=22247
c428 CHANGE (transient: w00:0xa000>0x8000)
..c4ff V=22247
..c5ff V=22247
..c6ff V=22247
..c7ff V=22247
..c8ff V=22247
..c9ff V=22247
..caff V=22246
..cbff V=22246
..ccff V=22247
..cdff V=22246
..ceff V=22246
..cfff V=22246
..d0ff V=22246
..d1ff V=22246
..d2ff V=22246
..d3ff V=22246
..d4ff V=22246
..d5ff V=22246
..d6ff V=22246
..d7ff V=22247
..d8ff V=22247
..d9ff V=22246
..daff V=22247
db4e CHANGE (transient: w00:0xa000>0x8000)
..dbff V=22247
..dcff V=22246
..ddff V=22245
..deff V=22246
..dfff V=22246
..e0ff V=22246
..e1ff V=22247
..e2ff V=22245
..e3ff V=22245
..e4ff V=22246
..e5ff V=22246
..e6ff V=22247
..e7ff V=22247
..e8ff V=22247
..e9ff V=22247
..eaff V=22246
..ebff V=22246
..ecff V=22246
..edff V=22246
..eeff V=22245
..efff V=22246
..f0ff V=22246
..f1ff V=22246
..f2ff V=22246
..f3ff V=22247
..f4ff V=22247
..f5ff V=22247
..f6ff V=22246
..f7ff V=22246
..f8ff V=22246
..f9ff V=22246
..faff V=22246
..fbff V=22246
..fcff V=22246
..fdff V=22245
..feff V=22246
..ffff V=22246
done 0xffff
