CHECK {'fcc': 2390, 'ma': 40960, 'cyc': 387, 'cells': [3723, 3712, 3700, 3703, 3697, 3705], 'model': b'SEC_VS9000NL', 'stat': 18624}
STATUS0x70 (1, False)
DF F1000 ffffffffffffffffffffffffffffffffffffffffffffffffffffffffffffffffffffffffffffffffffffffffffffffffffffffffffffffffffffffffffffffff
DF F1040 ffffffffffffffffffffffffffffffffffffffffffffffffffffffffffffffffffffffffffffffffffffffffffffffffffffffffffffffffffffffffffffffff
DF F1080 ffffffffffffffffffffffffffffffffffffffffffffffffffffffffffffffffffffffffffffffffffffffffffffffffffffffffffffffffffffffffffffffff
DF F10C0 ffffffffffffffffffffffffffffffffffffffffffffffffffffffffffffffffffffffffffffffffffffffffffffffffffffffffffffffffffffffffffffffff
DF F1100 ffffffffffffffffffffffffffffffffffffffffffffffffffffffffffffffffffffffffffffffffffffffffffffffffffffffffffffffffffffffffffffffff
DF F1140 ffffffffffffffffffffffffffffffffffffffffffffffffffffffffffffffffffffffffffffffffffffffffffffffffffffffffffffffffffffffffffffffff
DF F1180 ffffffffffffffffffffffffffffffffffffffffffffffffffffffffffffffffffffffffffffffffffffffffffffffffffffffffffffffffffffffffffffffff
DF F11C0 ffffffffffffffffffffffffffffffffffffffffffffffffffffffffffffffffffffffffffffffffffffffffffffffffffffffffffffffffffffffffffffffff
DF F1200 ffffffffffffffffffffffffffffffffffffffffffffffffffffffffffffffffffffffffffffffffffffffffffffffffffffffffffffffffffffffffffffffff
DF F1240 ffffffffffffffffffffffffffffffffffffffffffffffffffffffffffffffffffffffffffffffffffffffffffffffffffffffffffffffffffffffffffffffff
DF F1280 ffffffffffffffffffffffffffffffffffffffffffffffffffffffffffffffffffffffffffffffffffffffffffffffffffffffffffffffffffffffffffffffff
DF F12C0 ffffffffffffffffffffffffffffffffffffffffffffffffffffffffffffffffffffffffffffffffffffffffffffffffffffffffffffffffffffffffffffffff
DF F1300 ffffffffffffffffffffffffffffffffffffffffffffffffffffffffffffffffffffffffffffffffffffffffffffffffffffffffffffffffffffffffffffffff
DF F1340 ffffffffffffffffffffffffffffffffffffffffffffffffffffffffffffffffffffffffffffffffffffffffffffffffffffffffffffffffffffffffffffffff
DF F1380 ffffffffffffffffffffffffffffffffffffffffffffffffffffffffffffffffffffffffffffffffffffffffffffffffffffffffffffffffffffffffffffffff
DF F13C0 ffffffffffffffffffffffffffffffffffffffffffffffffffffffffffffffffffffffffffffffffffffffffffffffffffffffffffffffffffffffffffffffff
DF F1400 ffffffffffffffffffffffffffffffffffffffffffffffffffffffffffffffffffffffffffffffffffffffffffffffffffffffffffffffffffffffffffffffff
DF F1440 ffffffffffffffffffffffffffffffffffffffffffffffffffffffffffffffffffffffffffffffffffffffffffffffffffffffffffffffffffffffffffffffff
DF F1480 ffffffffffffffffffffffffffffffffffffffffffffffffffffffffffffffffffffffffffffffffffffffffffffffffffffffffffffffffffffffffffffffff
DF F14C0 ffffffffffffffffffffffffffffffffffffffffffffffffffffffffffffffffffffffffffffffffffffffffffffffffffffffffffffffffffffffffffffffff
DF F1500 ffffffffffffffffffffffffffffffffffffffffffffffffffffffffffffffffffffffffffffffffffffffffffffffffffffffffffffffffffffffffffffffff
DF F1540 ffffffffffffffffffffffffffffffffffffffffffffffffffffffffffffffffffffffffffffffffffffffffffffffffffffffffffffffffffffffffffffffff
DF F1580 ffffffffffffffffffffffffffffffffffffffffffffffffffffffffffffffffffffffffffffffffffffffffffffffffffffffffffffffffffffffffffffffff
DF F15C0 ffffffffffffffffffffffffffffffffffffffffffffffffffffffffffffffffffffffffffffffffffffffffffffffffffffffffffffffffffffffffffffffff
DF F1600 ffffffffffffffffffffffffffffffffffffffffffffffffffffffffffffffffffffffffffffffffffffffffffffffffffffffffffffffffffffffffffffffff
DF F1640 ffffffffffffffffffffffffffffffffffffffffffffffffffffffffffffffffffffffffffffffffffffffffffffffffffffffffffffffffffffffffffffffff
DF F1680 ffffffffffffffffffffffffffffffffffffffffffffffffffffffffffffffffffffffffffffffffffffffffffffffffffffffffffffffffffffffffffffffff
DF F16C0 ffffffffffffffffffffffffffffffffffffffffffffffffffffffffffffffffffffffffffffffffffffffffffffffffffffffffffffffffffffffffffffffff
DF F1700 ffffffffffffffffffffffffffffffffffffffffffffffffffffffffffffffffffffffffffffffffffffffffffffffffffffffffffffffffffffffffffffffff
DF F1740 ffffffffffffffffffffffffffffffffffffffffffffffffffffffffffffffffffffffffffffffffffffffffffffffffffffffffffffffffffffffffffffffff
DF F1780 ffffffffffffffffffffffffffffffffffffffffffffffffffffffffffffffffffffffffffffffffffffffffffffffffffffffffffffffffffffffffffffffff
DF F17C0 ffffffffffffffffffffffffffffffffffffffffffffffffffffffffffffffffffffffffffffffffffffffffffffffffffffffffffffffffffffffffffffffff
DF F1800 ffffffff00ff2fa5b82201feb522b62202fdb722b32203fcdb2d000004fb0000000005fa0000474206f947423f4207f83a423a4208f7a657000009f600000000
DF F1840 02020202020202020202020202020202020202020202020202020202020202020202020202020202020202020202020202020202020202020202020202020202
DF F1880 000015ea0000000016e90000000017e80400000018e7f4bf364519e6c76c15451ae58359c5421be45a44cc3e1ce3c4718a3e1de25d3e113e1ee12412333d1fe0
DF F18C0 3ae9e13c20df2e2ed63c21de050fdb3c22dd79e2d03c23dce947bf3c24dbf798b53c25daebf0c73c26d9c260bc3c27d8f6d7c13c28d79e5ab93c29d61202943c
DF F1900 02020202020202020202020202020202020202020202020202020202020202020202020202020202020202020202020202020202020202020202020202020202
DF F1940 303035ca304e4c0036c90000000037c80000000038c70000830139c62c0000003ac5712900003bc49f0902003cc36fee00003dc264aa00003ec1000000003fc0
DF F1980 d59f230040bf0000260041be0100000042bd0000003a43bc0000000444bb0000000045ba007a000046b90000000047b80000000048b70000000049b600000000
DF F19C0 4ab5000000004bb4000000004cb3000000004db2000000004eb1000000004fb0fa01fa0150af8301531851ae2600060352ad2b11000053acba658a0054ab81f3
DF F1A00 dd0d55aabe0a000056a94a0e517d57a8548fb13558a7c1032a5659a62d8327065aa50000548f5ba40d9136005ca30609f8015da2df0300005ea1b10103005fa0
DF F1A40 00000000609f00000100619e02000400629d01000000639c16002d00649b26000400659a00005d0066998f001c0067980000180268972f79821269960b000000
DF F1A80 02020202020202020202020202020202020202020202020202020202020202020202020202020202020202020202020202020202020202020202020202020202
DF F1AC0 3711758a080100007689260901197788152a210e7887172a050579863412152b7a85002431007b84000000007c83000000007d82000000007e81000000007f80
DF F1B00 02080000807fe40c0000817e548f1616827d1e03ac0d837c55080000847b5908a80d857a110a00008679ef0c00008778548f16ca88775465ee0d897695040000
DF F1B40 02020202020202020202020202020202020202020202020202020202020202020202020202020202020202020202020202020202020202020202020202020202
DF F1B80 af8e956a005cf08e96692e5c548f97681614548f98671616548f996616ca01009a65548f160a9b64548f160a9c63548f160a9d62548f160a17e80400000017e8
DF F1BC0 0400000017e80400000017e80400000017e80400000017e80400000017e80400000017e80400000017e80400000017e80400000017e80400000017e804000000
DF F1C00 02020202020202020202020202020202020202020202020202020202020202020202020202020202020202020202020202020202020202020202020202020202
DF F1C40 000017e80400000017e80400000017e80400000017e80400000017e80400000017e80400000017e80400000017e80400000017e80400000017e80400000017e8
DF F1C80 0400000017e80400000017e80400000017e80400000017e80400000017e80400000017e80400000017e804000000ffffffffffffffffffffffffffffffffffff
DF F1CC0 ffffffffffffffffffffffffffffffffffffffffffffffffffffffffffffffffffffffffffffffffffffffffffffffffffffffffffffffffffffffffffffffff
DF F1D00 ffffffffffffffffffffffffffffffffffffffffffffffffffffffffffffffffffffffffffffffffffffffffffffffffffffffffffffffffffffffffffffffff
DF F1D40 ffffffffffffffffffffffffffffffffffffffffffffffffffffffffffffffffffffffffffffffffffffffffffffffffffffffffffffffffffffffffffffffff
DF F1D80 ffffffffffffffffffffffffffffffffffffffffffffffffffffffffffffffffffffffffffffffffffffffffffffffffffffffffffffffffffffffffffffffff
DF F1DC0 ffffffffffffffffffffffffffffffffffffffffffffffffffffffffffffffffffffffffffffffffffffffffffffffffffffffffffffffffffffffffffffffff
DF F1E00 ffffffffffffffffffffffffffffffffffffffffffffffffffffffffffffffffffffffffffffffffffffffffffffffffffffffffffffffffffffffffffffffff
DF F1E40 ffffffffffffffffffffffffffffffffffffffffffffffffffffffffffffffffffffffffffffffffffffffffffffffffffffffffffffffffffffffffffffffff
DF F1E80 ffffffffffffffffffffffffffffffffffffffffffffffffffffffffffffffffffffffffffffffffffffffffffffffffffffffffffffffffffffffffffffffff
DF F1EC0 ffffffffffffffffffffffffffffffffffffffffffffffffffffffffffffffffffffffffffffffffffffffffffffffffffffffffffffffffffffffffffffffff
DF F1F00 ffffffffffffffffffffffffffffffffffffffffffffffffffffffffffffffffffffffffffffffffffffffffffffffffffffffffffffffffffffffffffffffff
DF F1F40 ffffffffffffffffffffffffffffffffffffffffffffffffffffffffffffffffffffffffffffffffffffffffffffffffffffffffffffffffffffffffffffffff
DF F1F80 ffffffffffffffffffffffffffffffffffffffffffffffffffffffffffffffffffffffffffffffffffffffffffffffffffffffffffffffffffffffffffffffff
DF F1FC0 ffffffffffffffffffffffffffffffffffffffffffffffffffffffffffffffffffffffffffffffffffffffffffffffffffffffffffffffffffffffc48e5aa55a
ACTIVE F1800
CHECK {'fcc': 2390, 'ma': 40960, 'cyc': 387, 'cells': [3723, 3712, 3699, 3703, 3697, 3706], 'model': b'SEC_VS9000NL', 'stat': 18624}
cp dfw.py :dfw.py
