DF F1000 ffffffffffffffffffffffffffffffffffffffffffffffffffffffffffffffffffffffffffffffffffffffffffffffffffffffffffffffffffffffffffffffff
DF F1040 ffffffffffffffffffffffffffffffffffffffffffffffffffffffffffffffffffffffffffffffffffffffffffffffffffffffffffffffffffffffffffffffff
DF F1080 ffffffffffffffffffffffffffffffffffffffffffffffffffffffffffffffffffffffffffffffffffffffffffffffffffffffffffffffffffffffffffffffff
DF F10C0 ffffffffffffffffffffffffffffffffffffffffffffffffffffffffffffffffffffffffffffffffffffffffffffffffffffffffffffffffffffffffffffffff
DF F1100 ffffffffffffffffffffffffffffffffffffffffffffffffffffffffffffffffffffffffffffffffffffffffffffffffffffffffffffffffffffffffffffffff
DF F1140 ffffffffffffffffffffffffffffffffffffffffffffffffffffffffffffffffffffffffffffffffffffffffffffffffffffffffffffffffffffffffffffffff
DF F1180 ffffffffffffffffffffffffffffffffffffffffffffffffffffffffffffffffffffffffffffffffffffffffffffffffffffffffffffffffffffffffffffffff
DF F11C0 ffffffffffffffffffffffffffffffffffffffffffffffffffffffffffffffffffffffffffffffffffffffffffffffffffffffffffffffffffffffffffffffff
DF F1200 ffffffffffffffffffffffffffffffffffffffffffffffffffffffffffffffffffffffffffffffffffffffffffffffffffffffffffffffffffffffffffffffff
DF F1240 ffffffffffffffffffffffffffffffffffffffffffffffffffffffffffffffffffffffffffffffffffffffffffffffffffffffffffffffffffffffffffffffff
DF F1280 ffffffffffffffffffffffffffffffffffffffffffffffffffffffffffffffffffffffffffffffffffffffffffffffffffffffffffffffffffffffffffffffff
DF F12C0 ffffffffffffffffffffffffffffffffffffffffffffffffffffffffffffffffffffffffffffffffffffffffffffffffffffffffffffffffffffffffffffffff
DF F1300 ffffffffffffffffffffffffffffffffffffffffffffffffffffffffffffffffffffffffffffffffffffffffffffffffffffffffffffffffffffffffffffffff
DF F1340 ffffffffffffffffffffffffffffffffffffffffffffffffffffffffffffffffffffffffffffffffffffffffffffffffffffffffffffffffffffffffffffffff
DF F1380 ffffffffffffffffffffffffffffffffffffffffffffffffffffffffffffffffffffffffffffffffffffffffffffffffffffffffffffffffffffffffffffffff
DF F13C0 ffffffffffffffffffffffffffffffffffffffffffffffffffffffffffffffffffffffffffffffffffffffffffffffffffffffffffffffffffffffffffffffff
DF F1400 ffffffffffffffffffffffffffffffffffffffffffffffffffffffffffffffffffffffffffffffffffffffffffffffffffffffffffffffffffffffffffffffff
DF F1440 ffffffffffffffffffffffffffffffffffffffffffffffffffffffffffffffffffffffffffffffffffffffffffffffffffffffffffffffffffffffffffffffff
DF F1480 ffffffffffffffffffffffffffffffffffffffffffffffffffffffffffffffffffffffffffffffffffffffffffffffffffffffffffffffffffffffffffffffff
DF F14C0 ffffffffffffffffffffffffffffffffffffffffffffffffffffffffffffffffffffffffffffffffffffffffffffffffffffffffffffffffffffffffffffffff
DF F1500 ffffffffffffffffffffffffffffffffffffffffffffffffffffffffffffffffffffffffffffffffffffffffffffffffffffffffffffffffffffffffffffffff
DF F1540 ffffffffffffffffffffffffffffffffffffffffffffffffffffffffffffffffffffffffffffffffffffffffffffffffffffffffffffffffffffffffffffffff
DF F1580 ffffffffffffffffffffffffffffffffffffffffffffffffffffffffffffffffffffffffffffffffffffffffffffffffffffffffffffffffffffffffffffffff
DF F15C0 ffffffffffffffffffffffffffffffffffffffffffffffffffffffffffffffffffffffffffffffffffffffffffffffffffffffffffffffffffffffffffffffff
DF F1600 ffffffffffffffffffffffffffffffffffffffffffffffffffffffffffffffffffffffffffffffffffffffffffffffffffffffffffffffffffffffffffffffff
DF F1640 ffffffffffffffffffffffffffffffffffffffffffffffffffffffffffffffffffffffffffffffffffffffffffffffffffffffffffffffffffffffffffffffff
DF F1680 ffffffffffffffffffffffffffffffffffffffffffffffffffffffffffffffffffffffffffffffffffffffffffffffffffffffffffffffffffffffffffffffff
DF F16C0 ffffffffffffffffffffffffffffffffffffffffffffffffffffffffffffffffffffffffffffffffffffffffffffffffffffffffffffffffffffffffffffffff
DF F1700 ffffffffffffffffffffffffffffffffffffffffffffffffffffffffffffffffffffffffffffffffffffffffffffffffffffffffffffffffffffffffffffffff
DF F1740 ffffffffffffffffffffffffffffffffffffffffffffffffffffffffffffffffffffffffffffffffffffffffffffffffffffffffffffffffffffffffffffffff
DF F1780 ffffffffffffffffffffffffffffffffffffffffffffffffffffffffffffffffffffffffffffffffffffffffffffffffffffffffffffffffffffffffffffffff
DF F17C0 ffffffffffffffffffffffffffffffffffffffffffffffffffffffffffffffffffffffffffffffffffffffffffffffffffffffffffffffffffffffffffffffff
DF F1800 ffffffff00ff2fa5b82201feb522b62202fdb722b32203fcdb2d000004fb0000000005fa0000474206f947423f4207f83a423a4208f7a657000009f600000000
DF F1840 0af500002b2b0bf4475308800cf3a48500000df20000b10b0ef1f01b27520ff0273b000010ef504c395211ee9f01000012ed0000000013ec0000000014eb0000
DF F1880 000015ea0000000016e90000000017e80400000018e7f4bf364519e6c76c15451ae58359c5421be45a44cc3e1ce3c4718a3e1de25d3e113e1ee12412333d1fe0
DF F18C0 3ae9e13c20df2e2ed63c21de050fdb3c22dd79e2d03c23dce947bf3c24dbf798b53c25daebf0c73c26d9c260bc3c27d8f6d7c13c28d79e5ab93c29d61202943c
DF F1900 2ad51c013f3d2bd47a79053d2cd3d883323d2dd2f6e98a3d2ed1c916293d2fd09406893d30cff85cf03d31ce1b84373e32cdefbe0c5333cc45435f5634cb5339
DF F1940 303035ca304e4c0036c90000000037c80000000038c70000830139c62c0000003ac5712900003bc49f0902003cc36fee00003dc264aa00003ec1000000003fc0
DF F1980 d59f230040bf0000260041be0100000042bd0000003a43bc0000000444bb0000000045ba007a000046b90000000047b80000000048b70000000049b600000000
DF F19C0 4ab5000000004bb4000000004cb3000000004db2000000004eb1000000004fb0fa01fa0150af8301531851ae2600060352ad2b11000053acba658a0054ab81f3
DF F1A00 dd0d55aabe0a000056a94a0e517d57a8548fb13558a7c1032a5659a62d8327065aa50000548f5ba40d9136005ca30609f8015da2df0300005ea1b10103005fa0
DF F1A40 00000000609f00000100619e02000400629d01000000639c16002d00649b26000400659a00005d0066998f001c0067980000180268972f79821269960b000000
DF F1A80 6a95dc8db5016b94000000006c93000000006d92000000006e91000000006f9000000000708f00000000718e00000000728d00000000738c043b0300748b000a
DF F1AC0 3711758a080100007689260901197788152a210e7887182a050579863412152b7a85002431007b84000000007c83000000007d82000000007e81000000007f80
DF F1B00 02080000807fe40c0000817e548f1616827d1e03ac0d837c55080000847b5908a80d857a110a00008679ef0c00008778548f16ca88775465ee0d897695040000
DF F1B40 8a759a04ea0d8b747a0a00008c73e10c00008d72548f16148e713803380c8f7002000000906f0000ac0c916ebe0b468e926d035c468e936c055c468e946b065c
DF F1B80 af8e956a005cf08e96692e5c548f97681614548f98671616548f996616ca01009a65548f160a9b64548f160a9c63548f160a9d62548f160a17e80400000017e8
DF F1BC0 04000000ffffffffffffffffffffffffffffffffffffffffffffffffffffffffffffffffffffffffffffffffffffffffffffffffffffffffffffffffffffffff
DF F1C00 ffffffffffffffffffffffffffffffffffffffffffffffffffffffffffffffffffffffffffffffffffffffffffffffffffffffffffffffffffffffffffffffff
DF F1C40 ffffffffffffffffffffffffffffffffffffffffffffffffffffffffffffffffffffffffffffffffffffffffffffffffffffffffffffffffffffffffffffffff
DF F1C80 ffffffffffffffffffffffffffffffffffffffffffffffffffffffffffffffffffffffffffffffffffffffffffffffffffffffffffffffffffffffffffffffff
DF F1CC0 ffffffffffffffffffffffffffffffffffffffffffffffffffffffffffffffffffffffffffffffffffffffffffffffffffffffffffffffffffffffffffffffff
DF F1D00 ffffffffffffffffffffffffffffffffffffffffffffffffffffffffffffffffffffffffffffffffffffffffffffffffffffffffffffffffffffffffffffffff
DF F1D40 ffffffffffffffffffffffffffffffffffffffffffffffffffffffffffffffffffffffffffffffffffffffffffffffffffffffffffffffffffffffffffffffff
DF F1D80 ffffffffffffffffffffffffffffffffffffffffffffffffffffffffffffffffffffffffffffffffffffffffffffffffffffffffffffffffffffffffffffffff
DF F1DC0 ffffffffffffffffffffffffffffffffffffffffffffffffffffffffffffffffffffffffffffffffffffffffffffffffffffffffffffffffffffffffffffffff
DF F1E00 ffffffffffffffffffffffffffffffffffffffffffffffffffffffffffffffffffffffffffffffffffffffffffffffffffffffffffffffffffffffffffffffff
DF F1E40 ffffffffffffffffffffffffffffffffffffffffffffffffffffffffffffffffffffffffffffffffffffffffffffffffffffffffffffffffffffffffffffffff
DF F1E80 ffffffffffffffffffffffffffffffffffffffffffffffffffffffffffffffffffffffffffffffffffffffffffffffffffffffffffffffffffffffffffffffff
DF F1EC0 ffffffffffffffffffffffffffffffffffffffffffffffffffffffffffffffffffffffffffffffffffffffffffffffffffffffffffffffffffffffffffffffff
DF F1F00 ffffffffffffffffffffffffffffffffffffffffffffffffffffffffffffffffffffffffffffffffffffffffffffffffffffffffffffffffffffffffffffffff
DF F1F40 ffffffffffffffffffffffffffffffffffffffffffffffffffffffffffffffffffffffffffffffffffffffffffffffffffffffffffffffffffffffffffffffff
DF F1F80 ffffffffffffffffffffffffffffffffffffffffffffffffffffffffffffffffffffffffffffffffffffffffffffffffffffffffffffffffffffffffffffffff
DF F1FC0 ffffffffffffffffffffffffffffffffffffffffffffffffffffffffffffffffffffffffffffffffffffffffffffffffffffffffffffffffffffffcc8e5aa55a
CHECK {'fcc': 2390, 'ma': 40960, 'cyc': 387, 'cells': [3722, 3711, 3700, 3704, 3698, 3705], 'model': b'SEC_VS9000NL', 'stat': 18624}
cp dfw.py :dfw.py
